#
# A fatal error has been detected by the Java Runtime Environment:
#
#  EXCEPTION_ACCESS_VIOLATION (0xc0000005) at pc=0x0000000000000000, pid=9060, tid=13184
#
# JRE version: OpenJDK Runtime Environment Temurin-17.0.20.1+1 (17.0.20.1+1) (build 17.0.20.1+1)
# Java VM: OpenJDK 64-Bit Server VM Temurin-17.0.20.1+1 (17.0.20.1+1, mixed mode, sharing, tiered, compressed oops, compressed class ptrs, g1 gc, windows-amd64)
# Problematic frame:
# V  [jvm.dll+0x59fe68]
#
# No core dump will be written. Minidumps are not enabled by default on client versions of Windows
#
# If you would like to submit a bug report, please visit:
#   https://github.com/adoptium/adoptium-support/issues
#

---------------  S U M M A R Y ------------

Command Line: --add-opens=java.base/java.lang=ALL-UNNAMED --add-opens=java.base/java.lang.invoke=ALL-UNNAMED --add-opens=java.base/java.util=ALL-UNNAMED --add-opens=java.prefs/java.util.prefs=ALL-UNNAMED --add-exports=jdk.compiler/com.sun.tools.javac.api=ALL-UNNAMED --add-exports=jdk.compiler/com.sun.tools.javac.util=ALL-UNNAMED --add-opens=java.base/java.util=ALL-UNNAMED --add-opens=java.prefs/java.util.prefs=ALL-UNNAMED --add-opens=java.base/java.nio.charset=ALL-UNNAMED --add-opens=java.base/java.net=ALL-UNNAMED --add-opens=java.base/java.util.concurrent=ALL-UNNAMED --add-opens=java.base/java.util.concurrent.atomic=ALL-UNNAMED --add-opens=java.xml/javax.xml.namespace=ALL-UNNAMED --add-opens=java.base/java.time=ALL-UNNAMED -XX:MaxMetaspaceSize=512m -Xmx2048m -Dfile.encoding=windows-1252 -Duser.country=US -Duser.language=en -Duser.variant -javaagent:C:\Users\Ryzen\.gradle\wrapper\dists\gradle-9.4.1-bin\arn2x92ynaizyzdaamcbpbhtj\gradle-9.4.1\lib\agents\gradle-instrumentation-agent-9.4.1.jar org.gradle.launcher.daemon.bootstrap.GradleDaemon 9.4.1

Host: AMD Ryzen 5 3400G with Radeon Vega Graphics    , 8 cores, 13G,  Windows 11 , 64 bit Build 26100 (10.0.26100.9444)
Time: Wed Sep 30 10:08:20 2026 Malay Peninsula Standard Time elapsed time: 8.255572 seconds (0d 0h 0m 8s)

---------------  T H R E A D  ---------------

Current thread (0x00000212a100baa0):  JavaThread "C2 CompilerThread0" daemon [_thread_in_native, id=13184, stack(0x0000002364300000,0x0000002364400000)]


Current CompileTask:
C2:8255 3858   !   4       jdk.internal.loader.URLClassPath$JarLoader::getResource (354 bytes)

Stack: [0x0000002364300000,0x0000002364400000],  sp=0x00000023643fa430,  free space=1001k
Native frames: (J=compiled Java code, j=interpreted, Vv=VM code, C=native code)


siginfo: EXCEPTION_ACCESS_VIOLATION (0xc0000005), data execution prevention violation at address 0x0000000000000000


Registers:
RAX=0x00007ff9e4e0dfa8, RBX=0x00000023643fa520, RCX=0x00000212a8d7e5d0, RDX=0x00000212a8d7e5d0
RSP=0x00000023643fa428, RBP=0x0000000000000000, RSI=0x00000212a8d7e5d0, RDI=0x0000000000000001
R8 =0x00000212a8d2a300, R9 =0x0000000000000002, R10=0x00000212a5a1cc38, R11=0x00007ffa319f1a6d
R12=0x0000000000000001, R13=0x00000023643fa830, R14=0x00000023643fa830, R15=0x0000000000000002
RIP=0x0000000000000000, EFLAGS=0x0000000000010206

XMM[0]=0x0000000000000000 0x0000000000000000
XMM[1]=0x00000212a7eaa8a0 0x00000212a7efc708
XMM[2]=0x00000212a7efb0a8 0x00000212a7efc670
XMM[3]=0x0000000000000000 0x0000000000000000
XMM[4]=0x0000000000000000 0x0000000000000000
XMM[5]=0x0000000000000000 0x0000000000000000
XMM[6]=0x0000000000000000 0x0000000000000000
XMM[7]=0x0000000000000000 0x0000000000000000
XMM[8]=0x0000000000000000 0x0000000000000000
XMM[9]=0x0000000000000000 0x0000000000000000
XMM[10]=0x0000000000000000 0x0000000000000000
XMM[11]=0x0000000000000000 0x0000000000000000
XMM[12]=0x0000000000000000 0x0000000000000000
XMM[13]=0x0000000000000000 0x0000000000000000
XMM[14]=0x0000000000000000 0x0000000000000000
XMM[15]=0x0000000000000000 0x0000000000000000
  MXCSR=0x00001fa0


Register to memory mapping:

RIP=0x0 is NULL
RAX=0x00007ff9e4e0dfa8 jvm.dll
RBX=0x00000023643fa520 is pointing into the stack for thread: 0x00000212a100baa0
RCX=0x00000212a8d7e5d0 points into unknown readable memory: 0x00007ff9e4e0dfa8 | a8 df e0 e4 f9 7f 00 00
RDX=0x00000212a8d7e5d0 points into unknown readable memory: 0x00007ff9e4e0dfa8 | a8 df e0 e4 f9 7f 00 00
RSP=0x00000023643fa428 is pointing into the stack for thread: 0x00000212a100baa0
RBP=0x0 is NULL
RSI=0x00000212a8d7e5d0 points into unknown readable memory: 0x00007ff9e4e0dfa8 | a8 df e0 e4 f9 7f 00 00
RDI=0x0000000000000001 is an unknown value
R8 =0x00000212a8d2a300 points into unknown readable memory: 0xfce7dd1040804003 | 03 40 80 40 10 dd e7 fc
R9 =0x0000000000000002 is an unknown value
R10=0x00000212a5a1cc38 points into unknown readable memory: 0x00000212a3695f60 | 60 5f 69 a3 12 02 00 00
R11=0x00007ffa319f1a6d VCRUNTIME140.dll
R12=0x0000000000000001 is an unknown value
R13=0x00000023643fa830 is pointing into the stack for thread: 0x00000212a100baa0
R14=0x00000023643fa830 is pointing into the stack for thread: 0x00000212a100baa0
R15=0x0000000000000002 is an unknown value


Top of Stack: (sp=0x00000023643fa428)
0x00000023643fa428:   00007ff9e481fe68 00000023643fa830
0x00000023643fa438:   000000000000001c 0000000000000001
0x00000023643fa448:   00000212a8d7ae48 00000212a8d7e5d0
0x00000023643fa458:   00007ff9e481f569 00000023643fa520
0x00000023643fa468:   0000000000000000 00000212a8d7e568
0x00000023643fa478:   0000000000000001 00000212ffdc0b20
0x00000023643fa488:   0000000000000000 0000000000000000
0x00000023643fa498:   00000212a6bdb2f0 00000212a6bdb2f0
0x00000023643fa4a8:   00007ff9e480b817 00000212e38aa380
0x00000023643fa4b8:   00000023643fa500 00000023643fa830
0x00000023643fa4c8:   00000023643fa5b0 00000023643fa520
0x00000023643fa4d8:   00000023643fa4e0 00000212ffdaf4d0
0x00000023643fa4e8:   0000021200000400 00000212a8cde4b0
0x00000023643fa4f8:   00007ff900000000 0000002300000080
0x00000023643fa508:   00000212a8d2a300 0000021200000080
0x00000023643fa518:   00000212ffdaf4d0 00000212a6940bc0
0x00000023643fa528:   00000212a6944f90 00000212a6940360
0x00000023643fa538:   00000212ffdaf4d0 00000212ffdaf4d0
0x00000023643fa548:   0000000000000004 00000212a6940340
0x00000023643fa558:   0000000000000000 00000023643fa670
0x00000023643fa568:   00007ff9e4818cdd 000000000000000f
0x00000023643fa578:   00000212a688aad8 00000023643fa9a0
0x00000023643fa588:   00000212a58c2dd0 00000212a58c2dd0
0x00000023643fa598:   00000023643fa5d0 00000023643fa5e0
0x00000023643fa5a8:   00000023643fa5e8 00000212e38a23b0
0x00000023643fa5b8:   0000021200000c11 0000000000000000
0x00000023643fa5c8:   00007ff9e47fb378 0000000000000000
0x00000023643fa5d8:   0000002300000c11 0000000000000001
0x00000023643fa5e8:   00000023643fa878 00000000000482c0
0x00000023643fa5f8:   00000212a3b8b438 00007ffa3bcc98b0
0x00000023643fa608:   000000000000000d 0000000000008010
0x00000023643fa618:   00007ffa3bb950d9 000002120000003e 

Instructions: (pc=0x00007ff9e481fe68)
0x00007ff9e481fd68:   ff 48 85 c0 74 23 8b 48 40 c1 e9 0f f6 c1 01 74
0x00007ff9e481fd78:   18 48 8b 40 08 48 8b 48 08 48 8b 01 ff 90 d8 00
0x00007ff9e481fd88:   00 00 48 85 c0 48 0f 45 f0 48 8b 47 10 45 33 c9
0x00007ff9e481fd98:   4d 8b c7 c6 44 24 20 01 48 8b d6 48 8b cf ff 40
0x00007ff9e481fda8:   74 e8 a2 b8 ff ff eb 77 48 8b af 90 09 00 00 49
0x00007ff9e481fdb8:   8b d6 48 8b cf e8 3e 8d fd ff 4c 8b f0 48 85 c0
0x00007ff9e481fdc8:   75 24 4c 8d 0d a7 44 3b 00 ba a9 03 00 00 4c 8d
0x00007ff9e481fdd8:   05 ab 44 3b 00 48 8d 0d 44 51 3a 00 e8 87 91 ca
0x00007ff9e481fde8:   ff e8 52 4a 0e 00 41 8b 46 28 3b 06 73 0e 8b c8
0x00007ff9e481fdf8:   48 8b 03 48 8b 14 c8 48 85 d2 75 07 48 8b 97 90
0x00007ff9e481fe08:   09 00 00 48 3b ea 75 17 4d 8b 47 08 49 8b d7 4d
0x00007ff9e481fe18:   8b 40 08 48 8b 8f 88 09 00 00 e8 f9 a6 b1 ff 48
0x00007ff9e481fe28:   8b 9c 24 80 00 00 00 48 83 c4 40 41 5f 41 5e 41
0x00007ff9e481fe38:   5d 41 5c 5f 5e 5d c3 cc 48 89 5c 24 08 48 89 6c
0x00007ff9e481fe48:   24 10 48 89 74 24 18 48 89 7c 24 20 41 56 48 83
0x00007ff9e481fe58:   ec 20 48 8b 02 4c 8b f1 48 8b ca 48 8b f2 ff 10
0x00007ff9e481fe68:   8b d8 3d d5 00 00 00 0f 84 eb 02 00 00 8b 46 2c
0x00007ff9e481fe78:   44 8b c0 41 80 e0 0f 41 80 f8 08 0f 84 d7 02 00
0x00007ff9e481fe88:   00 3c c0 0f 84 cf 02 00 00 48 83 3d df 25 58 00
0x00007ff9e481fe98:   00 7e 1c 81 fb 09 01 00 00 75 14 48 8b d6 49 8b
0x00007ff9e481fea8:   ce e8 a2 a9 ff ff 48 85 c0 0f 85 ac 02 00 00 48
0x00007ff9e481feb8:   8b 06 48 8b ce ff 50 10 84 c0 0f 85 98 02 00 00
0x00007ff9e481fec8:   8b 46 2c 3c 90 0f 84 8d 02 00 00 25 ff ff 01 00
0x00007ff9e481fed8:   3d 00 00 01 00 0f 84 5d 02 00 00 81 fb f1 00 00
0x00007ff9e481fee8:   00 0f 84 51 02 00 00 8b 46 30 c1 e8 04 a8 01 0f
0x00007ff9e481fef8:   85 63 02 00 00 48 8b d6 49 8b ce e8 f8 8b fd ff
0x00007ff9e481ff08:   48 85 c0 0f 84 4f 02 00 00 4c 8b c0 48 8b d6 49
0x00007ff9e481ff18:   8b ce e8 b1 13 00 00 48 85 c0 0f 85 38 02 00 00
0x00007ff9e481ff28:   48 8b d6 49 8b ce e8 9d de ff ff 48 85 c0 0f 85
0x00007ff9e481ff38:   27 02 00 00 83 fb 17 75 14 48 8b d6 49 8b ce e8
0x00007ff9e481ff48:   a4 b0 ff ff 48 85 c0 0f 85 0e 02 00 00 8b 46 2c
0x00007ff9e481ff58:   83 e0 1f 3c 14 75 60 49 8b 96 88 09 00 00 4d 8b 


Stack slot to memory mapping:
stack at sp + 0 slots: 0x00000023643fa830 is pointing into the stack for thread: 0x00000212a100baa0
stack at sp + 1 slots: 0x000000000000001c is an unknown value
stack at sp + 2 slots: 0x0000000000000001 is an unknown value
stack at sp + 3 slots: 0x00000212a8d7ae48 points into unknown readable memory: 0x00007ff9e4b9dd38 | 38 dd b9 e4 f9 7f 00 00
stack at sp + 4 slots: 0x00000212a8d7e5d0 points into unknown readable memory: 0x00007ff9e4e0dfa8 | a8 df e0 e4 f9 7f 00 00
stack at sp + 5 slots: 0x00007ff9e481f569 jvm.dll
stack at sp + 6 slots: 0x00000023643fa520 is pointing into the stack for thread: 0x00000212a100baa0
stack at sp + 7 slots: 0x0 is NULL


---------------  P R O C E S S  ---------------

Threads class SMR info:
_java_thread_list=0x00000212a323fe30, length=36, elements={
0x00000212e3890730, 0x00000212ffdb0340, 0x00000212ffdb0c10, 0x00000212ffdcdde0,
0x00000212ffdce6b0, 0x00000212a1002090, 0x00000212a1008680, 0x00000212a100baa0,
0x00000212a10247d0, 0x00000212a10270f0, 0x00000212ffd9e760, 0x00000212a11c2660,
0x00000212a2c67610, 0x00000212a2354e50, 0x00000212a2cbf220, 0x00000212a31e9410,
0x00000212a31e9920, 0x00000212a31e9e30, 0x00000212a31ea340, 0x00000212a31ead60,
0x00000212a31ea850, 0x00000212a3298110, 0x00000212a32976f0, 0x00000212a32971e0,
0x00000212a3298b30, 0x00000212a3296cd0, 0x00000212a329a990, 0x00000212a329c7f0,
0x00000212a329cd00, 0x00000212a3299f70, 0x00000212a329b3b0, 0x00000212a12eb9d0,
0x00000212a329aea0, 0x00000212a329c2e0, 0x00000212a12ec470, 0x00000212a329d210
}

Java Threads: ( => current thread )
  0x00000212e3890730 JavaThread "main" [_thread_blocked, id=4536, stack(0x0000002363600000,0x0000002363700000)]
  0x00000212ffdb0340 JavaThread "Reference Handler" daemon [_thread_blocked, id=13668, stack(0x0000002363d00000,0x0000002363e00000)]
  0x00000212ffdb0c10 JavaThread "Finalizer" daemon [_thread_blocked, id=8028, stack(0x0000002363e00000,0x0000002363f00000)]
  0x00000212ffdcdde0 JavaThread "Signal Dispatcher" daemon [_thread_blocked, id=11484, stack(0x0000002363f00000,0x0000002364000000)]
  0x00000212ffdce6b0 JavaThread "Attach Listener" daemon [_thread_blocked, id=16340, stack(0x0000002364000000,0x0000002364100000)]
  0x00000212a1002090 JavaThread "Service Thread" daemon [_thread_blocked, id=16144, stack(0x0000002364100000,0x0000002364200000)]
  0x00000212a1008680 JavaThread "Monitor Deflation Thread" daemon [_thread_blocked, id=17084, stack(0x0000002364200000,0x0000002364300000)]
=>0x00000212a100baa0 JavaThread "C2 CompilerThread0" daemon [_thread_in_native, id=13184, stack(0x0000002364300000,0x0000002364400000)]
  0x00000212a10247d0 JavaThread "C1 CompilerThread0" daemon [_thread_blocked, id=12892, stack(0x0000002364400000,0x0000002364500000)]
  0x00000212a10270f0 JavaThread "Sweeper thread" daemon [_thread_blocked, id=7284, stack(0x0000002364500000,0x0000002364600000)]
  0x00000212ffd9e760 JavaThread "Common-Cleaner" daemon [_thread_blocked, id=12504, stack(0x0000002364600000,0x0000002364700000)]
  0x00000212a11c2660 JavaThread "Notification Thread" daemon [_thread_blocked, id=8732, stack(0x0000002364700000,0x0000002364800000)]
  0x00000212a2c67610 JavaThread "Daemon health stats" [_thread_blocked, id=12580, stack(0x0000002364e00000,0x0000002364f00000)]
  0x00000212a2354e50 JavaThread "Incoming local TCP Connector on port 63314" [_thread_in_native, id=17924, stack(0x0000002364900000,0x0000002364a00000)]
  0x00000212a2cbf220 JavaThread "Daemon periodic checks" [_thread_blocked, id=12728, stack(0x0000002364f00000,0x0000002365000000)]
  0x00000212a31e9410 JavaThread "Daemon" [_thread_blocked, id=10224, stack(0x0000002365000000,0x0000002365100000)]
  0x00000212a31e9920 JavaThread "Handler for socket connection from /127.0.0.1:63314 to /127.0.0.1:63315" [_thread_in_native, id=13856, stack(0x0000002365100000,0x0000002365200000)]
  0x00000212a31e9e30 JavaThread "Cancel handler" [_thread_blocked, id=6160, stack(0x0000002365200000,0x0000002365300000)]
  0x00000212a31ea340 JavaThread "Daemon worker" [_thread_in_vm, id=10116, stack(0x0000002365300000,0x0000002365400000)]
  0x00000212a31ead60 JavaThread "Asynchronous log dispatcher for DefaultDaemonConnection: socket connection from /127.0.0.1:63314 to /127.0.0.1:63315" [_thread_blocked, id=12844, stack(0x0000002365400000,0x0000002365500000)]
  0x00000212a31ea850 JavaThread "Stdin handler" [_thread_blocked, id=12148, stack(0x0000002365500000,0x0000002365600000)]
  0x00000212a3298110 JavaThread "Daemon client event forwarder" [_thread_blocked, id=15648, stack(0x0000002365600000,0x0000002365700000)]
  0x00000212a32976f0 JavaThread "Cache worker for journal cache (C:\Users\Ryzen\.gradle\caches\journal-1)" [_thread_blocked, id=13840, stack(0x0000002365700000,0x0000002365800000)]
  0x00000212a32971e0 JavaThread "File lock request listener" [_thread_in_native, id=4620, stack(0x0000002365800000,0x0000002365900000)]
  0x00000212a3298b30 JavaThread "Cache worker for file hash cache (C:\Users\Ryzen\.gradle\caches\9.4.1\fileHashes)" [_thread_blocked, id=11796, stack(0x0000002365a00000,0x0000002365b00000)]
  0x00000212a3296cd0 JavaThread "Cache worker for file hash cache (C:\Users\Ryzen\ImpoundingApp\android\.gradle\9.4.1\fileHashes)" [_thread_blocked, id=9984, stack(0x0000002365f00000,0x0000002366000000)]
  0x00000212a329a990 JavaThread "Cache worker for Build Output Cleanup Cache (C:\Users\Ryzen\ImpoundingApp\android\.gradle\buildOutputCleanup)" [_thread_blocked, id=9428, stack(0x0000002366000000,0x0000002366100000)]
  0x00000212a329c7f0 JavaThread "File watcher server" daemon [_thread_in_native, id=13968, stack(0x0000002366200000,0x0000002366300000)]
  0x00000212a329cd00 JavaThread "File watcher consumer" daemon [_thread_blocked, id=13508, stack(0x0000002366300000,0x0000002366400000)]
  0x00000212a3299f70 JavaThread "Cache worker for file content cache (C:\Users\Ryzen\.gradle\caches\9.4.1\fileContent)" [_thread_blocked, id=16632, stack(0x0000002366100000,0x0000002366200000)]
  0x00000212a329b3b0 JavaThread "Cache worker for checksums cache (C:\Users\Ryzen\ImpoundingApp\android\.gradle\9.4.1\checksums)" [_thread_blocked, id=14976, stack(0x0000002365900000,0x0000002365a00000)]
  0x00000212a12eb9d0 JavaThread "C2 CompilerThread1" daemon [_thread_in_native, id=7516, stack(0x0000002366500000,0x0000002366600000)]
  0x00000212a329aea0 JavaThread "Cache worker for cache directory md-supplier (C:\Users\Ryzen\.gradle\caches\9.4.1\md-supplier)" [_thread_blocked, id=14784, stack(0x0000002366600000,0x0000002366700000)]
  0x00000212a329c2e0 JavaThread "Cache worker for cache directory md-rule (C:\Users\Ryzen\.gradle\caches\9.4.1\md-rule)" [_thread_blocked, id=1720, stack(0x0000002366700000,0x0000002366800000)]
  0x00000212a12ec470 JavaThread "C2 CompilerThread2" daemon [_thread_in_native, id=4648, stack(0x0000002366800000,0x0000002366900000)]
  0x00000212a329d210 JavaThread "jar transforms" [_thread_blocked, id=13392, stack(0x0000002366900000,0x0000002366a00000)]

Other Threads:
  0x00000212ffdac360 VMThread "VM Thread" [stack: 0x0000002363c00000,0x0000002363d00000] [id=12156]
  0x00000212e38914c0 WatcherThread [stack: 0x0000002364800000,0x0000002364900000] [id=11968]
  0x00000212e38ef3f0 GCTaskThread "GC Thread#0" [stack: 0x0000002363700000,0x0000002363800000] [id=3700]
  0x00000212a127db10 GCTaskThread "GC Thread#1" [stack: 0x0000002364a00000,0x0000002364b00000] [id=10736]
  0x00000212a127e090 GCTaskThread "GC Thread#2" [stack: 0x0000002364b00000,0x0000002364c00000] [id=13160]
  0x00000212a127ddd0 GCTaskThread "GC Thread#3" [stack: 0x0000002364c00000,0x0000002364d00000] [id=4412]
  0x00000212a127e610 GCTaskThread "GC Thread#4" [stack: 0x0000002364d00000,0x0000002364e00000] [id=19964]
  0x00000212a5a22dd0 GCTaskThread "GC Thread#5" [stack: 0x0000002365b00000,0x0000002365c00000] [id=14132]
  0x00000212a5a23090 GCTaskThread "GC Thread#6" [stack: 0x0000002365c00000,0x0000002365d00000] [id=12520]
  0x00000212a5a243d0 GCTaskThread "GC Thread#7" [stack: 0x0000002365d00000,0x0000002365e00000] [id=7708]
  0x00000212e39003b0 ConcurrentGCThread "G1 Main Marker" [stack: 0x0000002363800000,0x0000002363900000] [id=10504]
  0x00000212e3904000 ConcurrentGCThread "G1 Conc#0" [stack: 0x0000002363900000,0x0000002363a00000] [id=7292]
  0x00000212a5a23610 ConcurrentGCThread "G1 Conc#1" [stack: 0x0000002365e00000,0x0000002365f00000] [id=18616]
  0x00000212ffc681f0 ConcurrentGCThread "G1 Refine#0" [stack: 0x0000002363a00000,0x0000002363b00000] [id=8848]
  0x00000212a4593350 ConcurrentGCThread "G1 Refine#1" [stack: 0x0000002366400000,0x0000002366500000] [id=13604]
  0x00000212ffc6a8e0 ConcurrentGCThread "G1 Service" [stack: 0x0000002363b00000,0x0000002363c00000] [id=13308]

Threads with active compile tasks:
C2 CompilerThread0  8323 3858   !   4       jdk.internal.loader.URLClassPath$JarLoader::getResource (354 bytes)
C2 CompilerThread1  8323 3616   !   4       java.net.URLClassLoader$1::run (81 bytes)
C2 CompilerThread2  8323 3646   !   4       java.lang.ClassLoader::loadClass (121 bytes)

VM state: not at safepoint (normal execution)

VM Mutex/Monitor currently owned by a thread: None

Heap address: 0x0000000080000000, size: 2048 MB, Compressed Oops mode: 32-bit

CDS archive(s) mapped at: [0x0000021282000000-0x0000021282bb0000-0x0000021282bb0000), size 12255232, SharedBaseAddress: 0x0000021282000000, ArchiveRelocationMode: 1.
Compressed class space mapped at: 0x0000021283000000-0x000002129d000000, reserved size: 436207616
Narrow klass base: 0x0000021282000000, Narrow klass shift: 0, Narrow klass range: 0x100000000

GC Precious Log:
 CPUs: 8 total, 8 available
 Memory: 14258M
 Large Page Support: Disabled
 NUMA Support: Disabled
 Compressed Oops: Enabled (32-bit)
 Heap Region Size: 1M
 Heap Min Capacity: 8M
 Heap Initial Capacity: 224M
 Heap Max Capacity: 2G
 Pre-touch: Disabled
 Parallel Workers: 8
 Concurrent Workers: 2
 Concurrent Refinement Workers: 8
 Periodic GC: Disabled

Heap:
 garbage-first heap   total 89088K, used 32178K [0x0000000080000000, 0x0000000100000000)
  region size 1024K, 8 young (8192K), 6 survivors (6144K)
 Metaspace       used 35578K, committed 36096K, reserved 491520K
  class space    used 4995K, committed 5248K, reserved 425984K

Heap Regions: E=young(eden), S=young(survivor), O=old, HS=humongous(starts), HC=humongous(continues), CS=collection set, F=free, OA=open archive, CA=closed archive, TAMS=top-at-mark-start (previous, next)
|   0|0x0000000080000000, 0x0000000080100000, 0x0000000080100000|100%|HS|  |TAMS 0x0000000080100000, 0x0000000080000000| Complete 
|   1|0x0000000080100000, 0x0000000080200000, 0x0000000080200000|100%|HC|  |TAMS 0x0000000080200000, 0x0000000080100000| Complete 
|   2|0x0000000080200000, 0x0000000080300000, 0x0000000080300000|100%|HC|  |TAMS 0x0000000080300000, 0x0000000080200000| Complete 
|   3|0x0000000080300000, 0x0000000080400000, 0x0000000080400000|100%|HC|  |TAMS 0x0000000080400000, 0x0000000080300000| Complete 
|   4|0x0000000080400000, 0x0000000080500000, 0x0000000080500000|100%| O|  |TAMS 0x0000000080500000, 0x0000000080400000| Untracked 
|   5|0x0000000080500000, 0x0000000080600000, 0x0000000080600000|100%| O|  |TAMS 0x0000000080600000, 0x0000000080500000| Untracked 
|   6|0x0000000080600000, 0x0000000080700000, 0x0000000080700000|100%| O|  |TAMS 0x0000000080700000, 0x0000000080600000| Untracked 
|   7|0x0000000080700000, 0x0000000080800000, 0x0000000080800000|100%| O|  |TAMS 0x0000000080800000, 0x0000000080700000| Untracked 
|   8|0x0000000080800000, 0x0000000080900000, 0x0000000080900000|100%|HS|  |TAMS 0x0000000080900000, 0x0000000080800000| Complete 
|   9|0x0000000080900000, 0x0000000080a00000, 0x0000000080a00000|100%| O|  |TAMS 0x0000000080a00000, 0x0000000080900000| Untracked 
|  10|0x0000000080a00000, 0x0000000080b00000, 0x0000000080b00000|100%| O|  |TAMS 0x0000000080b00000, 0x0000000080a00000| Untracked 
|  11|0x0000000080b00000, 0x0000000080c00000, 0x0000000080c00000|100%| O|  |TAMS 0x0000000080c00000, 0x0000000080b00000| Untracked 
|  12|0x0000000080c00000, 0x0000000080d00000, 0x0000000080d00000|100%| O|  |TAMS 0x0000000080d00000, 0x0000000080c00000| Untracked 
|  13|0x0000000080d00000, 0x0000000080d1f000, 0x0000000080e00000| 12%| O|  |TAMS 0x0000000080d1f000, 0x0000000080d00000| Untracked 
|  14|0x0000000080e00000, 0x0000000080f00000, 0x0000000080f00000|100%| O|  |TAMS 0x0000000080f00000, 0x0000000080e00000| Untracked 
|  15|0x0000000080f00000, 0x0000000081000000, 0x0000000081000000|100%| O|  |TAMS 0x0000000081000000, 0x0000000080f00000| Untracked 
|  16|0x0000000081000000, 0x0000000081100000, 0x0000000081100000|100%| O|  |TAMS 0x0000000081100000, 0x0000000081000000| Untracked 
|  17|0x0000000081100000, 0x0000000081200000, 0x0000000081200000|100%| O|  |TAMS 0x0000000081200000, 0x0000000081100000| Untracked 
|  18|0x0000000081200000, 0x0000000081300000, 0x0000000081300000|100%| O|  |TAMS 0x0000000081300000, 0x0000000081200000| Untracked 
|  19|0x0000000081300000, 0x0000000081400000, 0x0000000081400000|100%| O|  |TAMS 0x0000000081400000, 0x0000000081300000| Untracked 
|  20|0x0000000081400000, 0x0000000081500000, 0x0000000081500000|100%| O|  |TAMS 0x0000000081500000, 0x0000000081400000| Untracked 
|  21|0x0000000081500000, 0x0000000081600000, 0x0000000081600000|100%| O|  |TAMS 0x0000000081600000, 0x0000000081500000| Untracked 
|  22|0x0000000081600000, 0x0000000081700000, 0x0000000081700000|100%| O|  |TAMS 0x0000000081700000, 0x0000000081600000| Untracked 
|  23|0x0000000081700000, 0x0000000081800000, 0x0000000081800000|100%| O|  |TAMS 0x00000000817eec00, 0x0000000081700000| Untracked 
|  24|0x0000000081800000, 0x0000000081900000, 0x0000000081900000|100%| O|  |TAMS 0x0000000081800000, 0x0000000081800000| Untracked 
|  25|0x0000000081900000, 0x00000000819e9000, 0x0000000081a00000| 91%| O|  |TAMS 0x0000000081900000, 0x0000000081900000| Untracked 
|  26|0x0000000081a00000, 0x0000000081a00000, 0x0000000081b00000|  0%| F|  |TAMS 0x0000000081a00000, 0x0000000081a00000| Untracked 
|  27|0x0000000081b00000, 0x0000000081b00000, 0x0000000081c00000|  0%| F|  |TAMS 0x0000000081b00000, 0x0000000081b00000| Untracked 
|  28|0x0000000081c00000, 0x0000000081c00000, 0x0000000081d00000|  0%| F|  |TAMS 0x0000000081c00000, 0x0000000081c00000| Untracked 
|  29|0x0000000081d00000, 0x0000000081d00000, 0x0000000081e00000|  0%| F|  |TAMS 0x0000000081d00000, 0x0000000081d00000| Untracked 
|  30|0x0000000081e00000, 0x0000000081e00000, 0x0000000081f00000|  0%| F|  |TAMS 0x0000000081e00000, 0x0000000081e00000| Untracked 
|  31|0x0000000081f00000, 0x0000000081f00000, 0x0000000082000000|  0%| F|  |TAMS 0x0000000081f00000, 0x0000000081f00000| Untracked 
|  32|0x0000000082000000, 0x0000000082000000, 0x0000000082100000|  0%| F|  |TAMS 0x0000000082000000, 0x0000000082000000| Untracked 
|  33|0x0000000082100000, 0x0000000082100000, 0x0000000082200000|  0%| F|  |TAMS 0x0000000082100000, 0x0000000082100000| Untracked 
|  34|0x0000000082200000, 0x0000000082200000, 0x0000000082300000|  0%| F|  |TAMS 0x0000000082200000, 0x0000000082200000| Untracked 
|  35|0x0000000082300000, 0x0000000082300000, 0x0000000082400000|  0%| F|  |TAMS 0x0000000082300000, 0x0000000082300000| Untracked 
|  36|0x0000000082400000, 0x0000000082400000, 0x0000000082500000|  0%| F|  |TAMS 0x0000000082400000, 0x0000000082400000| Untracked 
|  37|0x0000000082500000, 0x0000000082500000, 0x0000000082600000|  0%| F|  |TAMS 0x0000000082500000, 0x0000000082500000| Untracked 
|  38|0x0000000082600000, 0x0000000082600000, 0x0000000082700000|  0%| F|  |TAMS 0x0000000082600000, 0x0000000082600000| Untracked 
|  39|0x0000000082700000, 0x0000000082700000, 0x0000000082800000|  0%| F|  |TAMS 0x0000000082700000, 0x0000000082700000| Untracked 
|  40|0x0000000082800000, 0x0000000082800000, 0x0000000082900000|  0%| F|  |TAMS 0x0000000082800000, 0x0000000082800000| Untracked 
|  41|0x0000000082900000, 0x0000000082900000, 0x0000000082a00000|  0%| F|  |TAMS 0x0000000082900000, 0x0000000082900000| Untracked 
|  42|0x0000000082a00000, 0x0000000082a00000, 0x0000000082b00000|  0%| F|  |TAMS 0x0000000082a00000, 0x0000000082a00000| Untracked 
|  43|0x0000000082b00000, 0x0000000082b00000, 0x0000000082c00000|  0%| F|  |TAMS 0x0000000082b00000, 0x0000000082b00000| Untracked 
|  44|0x0000000082c00000, 0x0000000082c00000, 0x0000000082d00000|  0%| F|  |TAMS 0x0000000082c00000, 0x0000000082c00000| Untracked 
|  45|0x0000000082d00000, 0x0000000082d00000, 0x0000000082e00000|  0%| F|  |TAMS 0x0000000082d00000, 0x0000000082d00000| Untracked 
|  46|0x0000000082e00000, 0x0000000082e00000, 0x0000000082f00000|  0%| F|  |TAMS 0x0000000082e00000, 0x0000000082e00000| Untracked 
|  47|0x0000000082f00000, 0x0000000082f00000, 0x0000000083000000|  0%| F|  |TAMS 0x0000000082f00000, 0x0000000082f00000| Untracked 
|  48|0x0000000083000000, 0x0000000083000000, 0x0000000083100000|  0%| F|  |TAMS 0x0000000083000000, 0x0000000083000000| Untracked 
|  49|0x0000000083100000, 0x0000000083100000, 0x0000000083200000|  0%| F|  |TAMS 0x0000000083100000, 0x0000000083100000| Untracked 
|  50|0x0000000083200000, 0x0000000083200000, 0x0000000083300000|  0%| F|  |TAMS 0x0000000083200000, 0x0000000083200000| Untracked 
|  51|0x0000000083300000, 0x0000000083300000, 0x0000000083400000|  0%| F|  |TAMS 0x0000000083300000, 0x0000000083300000| Untracked 
|  52|0x0000000083400000, 0x0000000083400000, 0x0000000083500000|  0%| F|  |TAMS 0x0000000083400000, 0x0000000083400000| Untracked 
|  53|0x0000000083500000, 0x0000000083500000, 0x0000000083600000|  0%| F|  |TAMS 0x0000000083500000, 0x0000000083500000| Untracked 
|  54|0x0000000083600000, 0x0000000083664800, 0x0000000083700000| 39%| S|CS|TAMS 0x0000000083600000, 0x0000000083600000| Complete 
|  55|0x0000000083700000, 0x0000000083800000, 0x0000000083800000|100%| S|CS|TAMS 0x0000000083700000, 0x0000000083700000| Complete 
|  56|0x0000000083800000, 0x0000000083900000, 0x0000000083900000|100%| S|CS|TAMS 0x0000000083800000, 0x0000000083800000| Complete 
|  57|0x0000000083900000, 0x0000000083a00000, 0x0000000083a00000|100%| S|CS|TAMS 0x0000000083900000, 0x0000000083900000| Complete 
|  58|0x0000000083a00000, 0x0000000083b00000, 0x0000000083b00000|100%| S|CS|TAMS 0x0000000083a00000, 0x0000000083a00000| Complete 
|  59|0x0000000083b00000, 0x0000000083c00000, 0x0000000083c00000|100%| S|CS|TAMS 0x0000000083b00000, 0x0000000083b00000| Complete 
|  60|0x0000000083c00000, 0x0000000083c00000, 0x0000000083d00000|  0%| F|  |TAMS 0x0000000083c00000, 0x0000000083c00000| Untracked 
|  61|0x0000000083d00000, 0x0000000083d00000, 0x0000000083e00000|  0%| F|  |TAMS 0x0000000083d00000, 0x0000000083d00000| Untracked 
|  62|0x0000000083e00000, 0x0000000083e00000, 0x0000000083f00000|  0%| F|  |TAMS 0x0000000083e00000, 0x0000000083e00000| Untracked 
|  63|0x0000000083f00000, 0x0000000083f00000, 0x0000000084000000|  0%| F|  |TAMS 0x0000000083f00000, 0x0000000083f00000| Untracked 
|  64|0x0000000084000000, 0x0000000084000000, 0x0000000084100000|  0%| F|  |TAMS 0x0000000084000000, 0x0000000084000000| Untracked 
|  65|0x0000000084100000, 0x0000000084100000, 0x0000000084200000|  0%| F|  |TAMS 0x0000000084100000, 0x0000000084100000| Untracked 
|  66|0x0000000084200000, 0x0000000084200000, 0x0000000084300000|  0%| F|  |TAMS 0x0000000084200000, 0x0000000084200000| Untracked 
|  67|0x0000000084300000, 0x0000000084300000, 0x0000000084400000|  0%| F|  |TAMS 0x0000000084300000, 0x0000000084300000| Untracked 
|  68|0x0000000084400000, 0x0000000084400000, 0x0000000084500000|  0%| F|  |TAMS 0x0000000084400000, 0x0000000084400000| Untracked 
|  69|0x0000000084500000, 0x0000000084500000, 0x0000000084600000|  0%| F|  |TAMS 0x0000000084500000, 0x0000000084500000| Untracked 
|  70|0x0000000084600000, 0x0000000084600000, 0x0000000084700000|  0%| F|  |TAMS 0x0000000084600000, 0x0000000084600000| Untracked 
|  71|0x0000000084700000, 0x0000000084700000, 0x0000000084800000|  0%| F|  |TAMS 0x0000000084700000, 0x0000000084700000| Untracked 
|  72|0x0000000084800000, 0x0000000084800000, 0x0000000084900000|  0%| F|  |TAMS 0x0000000084800000, 0x0000000084800000| Untracked 
|  73|0x0000000084900000, 0x0000000084900000, 0x0000000084a00000|  0%| F|  |TAMS 0x0000000084900000, 0x0000000084900000| Untracked 
|  97|0x0000000086100000, 0x0000000086100000, 0x0000000086200000|  0%| F|  |TAMS 0x0000000086100000, 0x0000000086100000| Untracked 
|  98|0x0000000086200000, 0x0000000086200000, 0x0000000086300000|  0%| F|  |TAMS 0x0000000086200000, 0x0000000086200000| Untracked 
|  99|0x0000000086300000, 0x0000000086300000, 0x0000000086400000|  0%| F|  |TAMS 0x0000000086300000, 0x0000000086300000| Untracked 
| 100|0x0000000086400000, 0x0000000086400000, 0x0000000086500000|  0%| F|  |TAMS 0x0000000086400000, 0x0000000086400000| Untracked 
| 101|0x0000000086500000, 0x0000000086500000, 0x0000000086600000|  0%| F|  |TAMS 0x0000000086500000, 0x0000000086500000| Untracked 
| 102|0x0000000086600000, 0x0000000086600000, 0x0000000086700000|  0%| F|  |TAMS 0x0000000086600000, 0x0000000086600000| Untracked 
| 103|0x0000000086700000, 0x0000000086700000, 0x0000000086800000|  0%| F|  |TAMS 0x0000000086700000, 0x0000000086700000| Untracked 
| 104|0x0000000086800000, 0x0000000086800000, 0x0000000086900000|  0%| F|  |TAMS 0x0000000086800000, 0x0000000086800000| Untracked 
| 105|0x0000000086900000, 0x0000000086900000, 0x0000000086a00000|  0%| F|  |TAMS 0x0000000086900000, 0x0000000086900000| Untracked 
| 106|0x0000000086a00000, 0x0000000086a00000, 0x0000000086b00000|  0%| F|  |TAMS 0x0000000086a00000, 0x0000000086a00000| Untracked 
| 107|0x0000000086b00000, 0x0000000086b00000, 0x0000000086c00000|  0%| F|  |TAMS 0x0000000086b00000, 0x0000000086b00000| Untracked 
| 108|0x0000000086c00000, 0x0000000086d00000, 0x0000000086d00000|100%| E|  |TAMS 0x0000000086c00000, 0x0000000086c00000| Complete 
| 223|0x000000008df00000, 0x000000008e000000, 0x000000008e000000|100%| E|CS|TAMS 0x000000008df00000, 0x000000008df00000| Complete 

Card table byte_map: [0x00000212fab40000,0x00000212faf40000] _byte_map_base: 0x00000212fa740000

Marking Bits (Prev, Next): (CMBitMap*) 0x00000212e38ef920, (CMBitMap*) 0x00000212e38ef960
 Prev Bits: [0x00000212fb340000, 0x00000212fd340000)
 Next Bits: [0x00000212fd340000, 0x00000212ff340000)

Polling page: 0x00000212e17b0000

Metaspace:

Usage:
  Non-class:     29.87 MB used.
      Class:      4.88 MB used.
       Both:     34.75 MB used.

Virtual space:
  Non-class space:       64.00 MB reserved,      30.12 MB ( 47%) committed,  1 nodes.
      Class space:      416.00 MB reserved,       5.12 MB (  1%) committed,  1 nodes.
             Both:      480.00 MB reserved,      35.25 MB (  7%) committed. 

Chunk freelists:
   Non-Class:  1.52 MB
       Class:  10.82 MB
        Both:  12.34 MB

MaxMetaspaceSize: 512.00 MB
CompressedClassSpaceSize: 416.00 MB
Initial GC threshold: 21.00 MB
Current GC threshold: 58.69 MB
CDS: on
MetaspaceReclaimPolicy: balanced
 - commit_granule_bytes: 65536.
 - commit_granule_words: 8192.
 - virtual_space_node_default_size: 8388608.
 - enlarge_chunks_in_place: 1.
 - new_chunks_are_fully_committed: 0.
 - uncommit_free_chunks: 1.
 - use_allocation_guard: 0.
 - handle_deallocations: 1.


Internal statistics:

num_allocs_failed_limit: 6.
num_arena_births: 680.
num_arena_deaths: 0.
num_vsnodes_births: 2.
num_vsnodes_deaths: 0.
num_space_committed: 564.
num_space_uncommitted: 0.
num_chunks_returned_to_freelist: 6.
num_chunks_taken_from_freelist: 2099.
num_chunk_merges: 6.
num_chunk_splits: 1395.
num_chunks_enlarged: 931.
num_inconsistent_stats: 0.

CodeHeap 'non-profiled nmethods': size=120000Kb used=2222Kb max_used=2222Kb free=117778Kb
 bounds [0x00000212f2ee0000, 0x00000212f3150000, 0x00000212fa410000]
CodeHeap 'profiled nmethods': size=120000Kb used=8234Kb max_used=8234Kb free=111765Kb
 bounds [0x00000212eb410000, 0x00000212ebc20000, 0x00000212f2940000]
CodeHeap 'non-nmethods': size=5760Kb used=1621Kb max_used=1661Kb free=4138Kb
 bounds [0x00000212f2940000, 0x00000212f2bb0000, 0x00000212f2ee0000]
 total_blobs=4599 nmethods=3913 adapters=598
 compilation: enabled
              stopped_count=0, restarted_count=0
 full_count=0

Compilation events (20 events):
Event: 8.200 Thread 0x00000212a100baa0 nmethod 3614 0x00000212f30fc510 code [0x00000212f30fccc0, 0x00000212f3103ff8]
Event: 8.201 Thread 0x00000212a100baa0 3858   !   4       jdk.internal.loader.URLClassPath$JarLoader::getResource (354 bytes)
Event: 8.202 Thread 0x00000212a10247d0 3893       3       java.lang.invoke.InvokerBytecodeGenerator::emitReturnInsn (122 bytes)
Event: 8.203 Thread 0x00000212a10247d0 nmethod 3893 0x00000212ebc02c10 code [0x00000212ebc02e80, 0x00000212ebc038a8]
Event: 8.204 Thread 0x00000212a10247d0 3894       1       java.lang.invoke.MethodHandleImpl$IntrinsicMethodHandle::intrinsicName (5 bytes)
Event: 8.204 Thread 0x00000212a10247d0 nmethod 3894 0x00000212f310a910 code [0x00000212f310aaa0, 0x00000212f310ab78]
Event: 8.206 Thread 0x00000212a10247d0 3896       3       java.lang.invoke.InvokerBytecodeGenerator::classData (170 bytes)
Event: 8.206 Thread 0x00000212a10247d0 nmethod 3896 0x00000212ebc03c10 code [0x00000212ebc03ea0, 0x00000212ebc04be8]
Event: 8.212 Thread 0x00000212a10247d0 3897       1       java.util.stream.Node::getChildCount (2 bytes)
Event: 8.212 Thread 0x00000212a10247d0 nmethod 3897 0x00000212f310af10 code [0x00000212f310b0a0, 0x00000212f310b178]
Event: 8.215 Thread 0x00000212a10247d0 3898  s    3       java.beans.MethodDescriptor::setParams (74 bytes)
Event: 8.216 Thread 0x00000212a10247d0 nmethod 3898 0x00000212ebc04f10 code [0x00000212ebc05160, 0x00000212ebc05d48]
Event: 8.216 Thread 0x00000212a10247d0 3901       3       groovy.lang.MetaClassImpl::establishStaticMetaProperty (299 bytes)
Event: 8.218 Thread 0x00000212a10247d0 nmethod 3901 0x00000212ebc06090 code [0x00000212ebc06420, 0x00000212ebc089c8]
Event: 8.218 Thread 0x00000212a10247d0 3900       3       java.util.stream.AbstractSpinedBuffer::count (31 bytes)
Event: 8.219 Thread 0x00000212a10247d0 nmethod 3900 0x00000212ebc09290 code [0x00000212ebc09440, 0x00000212ebc095f8]
Event: 8.222 Thread 0x00000212a10247d0 3902       1       java.util.logging.LogManager$LoggerContext::getOwner (5 bytes)
Event: 8.222 Thread 0x00000212a10247d0 nmethod 3902 0x00000212f310b210 code [0x00000212f310b3a0, 0x00000212f310b478]
Event: 8.226 Thread 0x00000212a10247d0 3903       3       org.gradle.internal.service.DefaultServiceRegistry::find (124 bytes)
Event: 8.227 Thread 0x00000212a10247d0 nmethod 3903 0x00000212ebc09710 code [0x00000212ebc09a80, 0x00000212ebc0b2e8]

GC Heap History (12 events):
Event: 0.979 GC heap before
{Heap before GC invocations=0 (full 0):
 garbage-first heap   total 229376K, used 26624K [0x0000000080000000, 0x0000000100000000)
  region size 1024K, 23 young (23552K), 0 survivors (0K)
 Metaspace       used 3034K, committed 3136K, reserved 491520K
  class space    used 361K, committed 384K, reserved 425984K
}
Event: 0.984 GC heap after
{Heap after GC invocations=1 (full 0):
 garbage-first heap   total 229376K, used 10912K [0x0000000080000000, 0x0000000100000000)
  region size 1024K, 3 young (3072K), 3 survivors (3072K)
 Metaspace       used 3034K, committed 3136K, reserved 491520K
  class space    used 361K, committed 384K, reserved 425984K
}
Event: 1.718 GC heap before
{Heap before GC invocations=1 (full 0):
 garbage-first heap   total 229376K, used 40608K [0x0000000080000000, 0x0000000100000000)
  region size 1024K, 30 young (30720K), 3 survivors (3072K)
 Metaspace       used 4614K, committed 4800K, reserved 491520K
  class space    used 581K, committed 640K, reserved 425984K
}
Event: 1.722 GC heap after
{Heap after GC invocations=2 (full 0):
 garbage-first heap   total 229376K, used 15161K [0x0000000080000000, 0x0000000100000000)
  region size 1024K, 3 young (3072K), 3 survivors (3072K)
 Metaspace       used 4614K, committed 4800K, reserved 491520K
  class space    used 581K, committed 640K, reserved 425984K
}
Event: 5.075 GC heap before
{Heap before GC invocations=2 (full 0):
 garbage-first heap   total 229376K, used 129849K [0x0000000080000000, 0x0000000100000000)
  region size 1024K, 115 young (117760K), 3 survivors (3072K)
 Metaspace       used 21195K, committed 21504K, reserved 491520K
  class space    used 2918K, committed 3072K, reserved 425984K
}
Event: 5.087 GC heap after
{Heap after GC invocations=3 (full 0):
 garbage-first heap   total 229376K, used 23841K [0x0000000080000000, 0x0000000100000000)
  region size 1024K, 12 young (12288K), 12 survivors (12288K)
 Metaspace       used 21195K, committed 21504K, reserved 491520K
  class space    used 2918K, committed 3072K, reserved 425984K
}
Event: 6.132 GC heap before
{Heap before GC invocations=4 (full 0):
 garbage-first heap   total 89088K, used 64801K [0x0000000080000000, 0x0000000100000000)
  region size 1024K, 52 young (53248K), 12 survivors (12288K)
 Metaspace       used 26442K, committed 26816K, reserved 491520K
  class space    used 3714K, committed 3904K, reserved 425984K
}
Event: 6.141 GC heap after
{Heap after GC invocations=5 (full 0):
 garbage-first heap   total 89088K, used 26198K [0x0000000080000000, 0x0000000100000000)
  region size 1024K, 3 young (3072K), 3 survivors (3072K)
 Metaspace       used 26442K, committed 26816K, reserved 491520K
  class space    used 3714K, committed 3904K, reserved 425984K
}
Event: 7.252 GC heap before
{Heap before GC invocations=5 (full 0):
 garbage-first heap   total 89088K, used 63062K [0x0000000080000000, 0x0000000100000000)
  region size 1024K, 40 young (40960K), 3 survivors (3072K)
 Metaspace       used 31889K, committed 32256K, reserved 491520K
  class space    used 4407K, committed 4608K, reserved 425984K
}
Event: 7.256 GC heap after
{Heap after GC invocations=6 (full 0):
 garbage-first heap   total 89088K, used 28251K [0x0000000080000000, 0x0000000100000000)
  region size 1024K, 5 young (5120K), 5 survivors (5120K)
 Metaspace       used 31889K, committed 32256K, reserved 491520K
  class space    used 4407K, committed 4608K, reserved 425984K
}
Event: 8.228 GC heap before
{Heap before GC invocations=6 (full 0):
 garbage-first heap   total 89088K, used 54875K [0x0000000080000000, 0x0000000100000000)
  region size 1024K, 32 young (32768K), 5 survivors (5120K)
 Metaspace       used 35423K, committed 35968K, reserved 491520K
  class space    used 4959K, committed 5248K, reserved 425984K
}
Event: 8.234 GC heap after
{Heap after GC invocations=7 (full 0):
 garbage-first heap   total 89088K, used 31154K [0x0000000080000000, 0x0000000100000000)
  region size 1024K, 6 young (6144K), 6 survivors (6144K)
 Metaspace       used 35423K, committed 35968K, reserved 491520K
  class space    used 4959K, committed 5248K, reserved 425984K
}

Dll operation events (15 events):
Event: 0.018 Loaded shared library C:\Program Files\Eclipse Adoptium\jdk-17.0.20.101-hotspot\bin\java.dll
Event: 0.039 Loaded shared library C:\Program Files\Eclipse Adoptium\jdk-17.0.20.101-hotspot\bin\jsvml.dll
Event: 0.103 Loaded shared library C:\Program Files\Eclipse Adoptium\jdk-17.0.20.101-hotspot\bin\zip.dll
Event: 0.107 Loaded shared library C:\Program Files\Eclipse Adoptium\jdk-17.0.20.101-hotspot\bin\instrument.dll
Event: 0.113 Loaded shared library C:\Program Files\Eclipse Adoptium\jdk-17.0.20.101-hotspot\bin\net.dll
Event: 0.115 Loaded shared library C:\Program Files\Eclipse Adoptium\jdk-17.0.20.101-hotspot\bin\nio.dll
Event: 0.119 Loaded shared library C:\Program Files\Eclipse Adoptium\jdk-17.0.20.101-hotspot\bin\zip.dll
Event: 0.382 Loaded shared library C:\Program Files\Eclipse Adoptium\jdk-17.0.20.101-hotspot\bin\jimage.dll
Event: 0.770 Loaded shared library C:\Program Files\Eclipse Adoptium\jdk-17.0.20.101-hotspot\bin\verify.dll
Event: 0.821 Loaded shared library C:\Users\Ryzen\.gradle\native\660c5614fbf4a5f2a75b1949f50a0caf5cd603558e7d8a26e50b933a0cfb79d1\windows-amd64\native-platform.dll
Event: 0.846 Loaded shared library C:\Users\Ryzen\.gradle\native\0.2.8\x86_64-windows-gnu\gradle-fileevents.dll
Event: 2.450 Loaded shared library C:\Program Files\Eclipse Adoptium\jdk-17.0.20.101-hotspot\bin\management.dll
Event: 2.455 Loaded shared library C:\Program Files\Eclipse Adoptium\jdk-17.0.20.101-hotspot\bin\management_ext.dll
Event: 2.736 Loaded shared library C:\Program Files\Eclipse Adoptium\jdk-17.0.20.101-hotspot\bin\extnet.dll
Event: 3.008 Loaded shared library C:\Program Files\Eclipse Adoptium\jdk-17.0.20.101-hotspot\bin\sunmscapi.dll

Deoptimization events (20 events):
Event: 7.649 Thread 0x00000212a31ea340 DEOPT PACKING pc=0x00000212f30c25c4 sp=0x00000023653f7c90
Event: 7.649 Thread 0x00000212a31ea340 DEOPT UNPACKING pc=0x00000212f29969a3 sp=0x00000023653f7c58 mode 2
Event: 7.812 Thread 0x00000212a31ea340 Uncommon trap: trap_request=0xffffff45 fr.pc=0x00000212f3069894 relative=0x0000000000000fb4
Event: 7.812 Thread 0x00000212a31ea340 Uncommon trap: reason=unstable_if action=reinterpret pc=0x00000212f3069894 method=java.util.zip.ZipFile$ZipFileInflaterInputStream.close()V @ 4 c2
Event: 7.812 Thread 0x00000212a31ea340 DEOPT PACKING pc=0x00000212f3069894 sp=0x00000023653f8b60
Event: 7.812 Thread 0x00000212a31ea340 DEOPT UNPACKING pc=0x00000212f29969a3 sp=0x00000023653f8b60 mode 2
Event: 7.879 Thread 0x00000212a31ea340 DEOPT PACKING pc=0x00000212eb8282fc sp=0x00000023653f74d0
Event: 7.879 Thread 0x00000212a31ea340 DEOPT UNPACKING pc=0x00000212f2997143 sp=0x00000023653f6a50 mode 0
Event: 7.925 Thread 0x00000212a31ea340 DEOPT PACKING pc=0x00000212eb92a844 sp=0x00000023653f9a10
Event: 7.925 Thread 0x00000212a31ea340 DEOPT UNPACKING pc=0x00000212f2997143 sp=0x00000023653f8f30 mode 0
Event: 7.925 Thread 0x00000212a31ea340 DEOPT PACKING pc=0x00000212eb9298ac sp=0x00000023653f9b00
Event: 7.925 Thread 0x00000212a31ea340 DEOPT UNPACKING pc=0x00000212f2997143 sp=0x00000023653f8fc0 mode 0
Event: 7.962 Thread 0x00000212a31ea340 Uncommon trap: trap_request=0xffffff45 fr.pc=0x00000212f2fa8a08 relative=0x00000000000000e8
Event: 7.962 Thread 0x00000212a31ea340 Uncommon trap: reason=unstable_if action=reinterpret pc=0x00000212f2fa8a08 method=jdk.internal.org.objectweb.asm.ByteVector.putShort(I)Ljdk/internal/org/objectweb/asm/ByteVector; @ 13 c2
Event: 7.962 Thread 0x00000212a31ea340 DEOPT PACKING pc=0x00000212f2fa8a08 sp=0x00000023653f91f0
Event: 7.962 Thread 0x00000212a31ea340 DEOPT UNPACKING pc=0x00000212f29969a3 sp=0x00000023653f9178 mode 2
Event: 8.225 Thread 0x00000212a31ea340 Uncommon trap: trap_request=0xffffffc6 fr.pc=0x00000212f304ac8c relative=0x000000000000024c
Event: 8.225 Thread 0x00000212a31ea340 Uncommon trap: reason=bimorphic_or_optimized_type_check action=maybe_recompile pc=0x00000212f304ac8c method=com.google.common.base.CharMatcher.indexIn(Ljava/lang/CharSequence;I)I @ 31 c2
Event: 8.225 Thread 0x00000212a31ea340 DEOPT PACKING pc=0x00000212f304ac8c sp=0x00000023653f7140
Event: 8.225 Thread 0x00000212a31ea340 DEOPT UNPACKING pc=0x00000212f29969a3 sp=0x00000023653f70e8 mode 2

Classes loaded (20 events):
Event: 7.950 Loading class java/util/AbstractList$ListItr
Event: 7.950 Loading class java/util/AbstractList$ListItr done
Event: 7.958 Loading class java/lang/invoke/MethodHandleImpl$Makers
Event: 7.958 Loading class java/lang/invoke/MethodHandleImpl$Makers done
Event: 7.959 Loading class java/lang/invoke/MethodHandleImpl$Makers$1
Event: 7.959 Loading class java/lang/invoke/MethodHandleImpl$Makers$1 done
Event: 7.959 Loading class java/lang/invoke/MethodHandleImpl$Makers$2
Event: 7.960 Loading class java/lang/invoke/MethodHandleImpl$Makers$2 done
Event: 7.960 Loading class java/lang/invoke/MethodHandleImpl$Makers$3
Event: 7.960 Loading class java/lang/invoke/MethodHandleImpl$Makers$3 done
Event: 7.960 Loading class java/lang/invoke/MethodHandleImpl$CountingWrapper
Event: 7.960 Loading class java/lang/invoke/MethodHandleImpl$CountingWrapper done
Event: 7.966 Loading class java/util/stream/Nodes$FixedNodeBuilder
Event: 7.967 Loading class java/util/stream/Nodes$ArrayNode
Event: 7.967 Loading class java/util/stream/Nodes$ArrayNode done
Event: 7.967 Loading class java/util/stream/Nodes$FixedNodeBuilder done
Event: 8.158 Loading class java/lang/invoke/BoundMethodHandle$Species_LLLLILLLLLL
Event: 8.158 Loading class java/lang/invoke/BoundMethodHandle$Species_LLLLILLLLLL done
Event: 8.224 Loading class java/util/DualPivotQuicksort
Event: 8.225 Loading class java/util/DualPivotQuicksort done

Classes unloaded (0 events):
No events

Classes redefined (0 events):
No events

Internal exceptions (20 events):
Event: 8.001 Thread 0x00000212a31ea340 Exception <a 'java/lang/ClassNotFoundException'{0x00000000842d2b00}: org/gradle/api/internal/project/AbstractPluginAwareBeanInfo> (0x00000000842d2b00) 
thrown [s\src\hotspot\share\classfile\systemDictionary.cpp, line 257]
Event: 8.003 Thread 0x00000212a31ea340 Exception <a 'java/lang/ClassNotFoundException'{0x00000000842e4c00}: org/gradle/api/internal/project/AbstractPluginAwareCustomizer> (0x00000000842e4c00) 
thrown [s\src\hotspot\share\classfile\systemDictionary.cpp, line 257]
Event: 8.007 Thread 0x00000212a31ea340 Exception <a 'java/lang/ClassNotFoundException'{0x00000000842fcf80}: org/gradle/initialization/DefaultSettingsCustomizer> (0x00000000842fcf80) 
thrown [s\src\hotspot\share\classfile\systemDictionary.cpp, line 257]
Event: 8.017 Thread 0x00000212a31ea340 Exception <a 'java/lang/ClassNotFoundException'{0x000000008414d8f8}: org/gradle/initialization/DefaultSettings_DecoratedCustomizer> (0x000000008414d8f8) 
thrown [s\src\hotspot\share\classfile\systemDictionary.cpp, line 257]
Event: 8.093 Thread 0x00000212a31ea340 Exception <a 'java/lang/ClassNotFoundException'{0x0000000083f57738}: org/gradle/internal/metaobject/ConfigureDelegateBeanInfo> (0x0000000083f57738) 
thrown [s\src\hotspot\share\classfile\systemDictionary.cpp, line 257]
Event: 8.094 Thread 0x00000212a31ea340 Exception <a 'java/lang/ClassNotFoundException'{0x0000000083f69778}: org/gradle/internal/metaobject/ConfigureDelegateCustomizer> (0x0000000083f69778) 
thrown [s\src\hotspot\share\classfile\systemDictionary.cpp, line 257]
Event: 8.133 Thread 0x00000212a31ea340 Exception <a 'java/lang/ClassNotFoundException'{0x0000000083e37978}: org/gradle/plugin/management/internal/DefaultPluginManagementSpec_DecoratedBeanInfo> (0x0000000083e37978) 
thrown [s\src\hotspot\share\classfile\systemDictionary.cpp, line 257]
Event: 8.135 Thread 0x00000212a31ea340 Exception <a 'java/lang/ClassNotFoundException'{0x0000000083e4f250}: org/gradle/plugin/management/internal/DefaultPluginManagementSpecBeanInfo> (0x0000000083e4f250) 
thrown [s\src\hotspot\share\classfile\systemDictionary.cpp, line 257]
Event: 8.137 Thread 0x00000212a31ea340 Exception <a 'java/lang/ClassNotFoundException'{0x0000000083e66dd0}: org/gradle/plugin/management/internal/DefaultPluginManagementSpecCustomizer> (0x0000000083e66dd0) 
thrown [s\src\hotspot\share\classfile\systemDictionary.cpp, line 257]
Event: 8.142 Thread 0x00000212a31ea340 Exception <a 'java/lang/ClassNotFoundException'{0x0000000083e8fd00}: org/gradle/plugin/management/internal/DefaultPluginManagementSpec_DecoratedCustomizer> (0x0000000083e8fd00) 
thrown [s\src\hotspot\share\classfile\systemDictionary.cpp, line 257]
Event: 8.161 Thread 0x00000212a31ea340 Exception <a 'java/lang/NoSuchMethodError'{0x0000000083d1a5c0}: 'java.lang.Object java.lang.invoke.Invokers$Holder.linkToCallSite(java.lang.Object, int, java.lang.Object, java.lang.Object)'> (0x0000000083d1a5c0) 
thrown [s\src\hotspot\share\interpreter\linkResolver.cpp, line 759]
Event: 8.163 Thread 0x00000212a31ea340 Exception <a 'java/lang/NoSuchMethodError'{0x0000000083d22e98}: 'void java.lang.invoke.DirectMethodHandle$Holder.invokeVirtual(java.lang.Object, java.lang.Object, int, java.lang.Object)'> (0x0000000083d22e98) 
thrown [s\src\hotspot\share\interpreter\linkResolver.cpp, line 759]
Event: 8.164 Thread 0x00000212a31ea340 Exception <a 'java/lang/NoSuchMethodError'{0x0000000083d27160}: 'void java.lang.invoke.DelegatingMethodHandle$Holder.reinvoke_L(java.lang.Object, java.lang.Object, int, java.lang.Object)'> (0x0000000083d27160) 
thrown [s\src\hotspot\share\interpreter\linkResolver.cpp, line 759]
Event: 8.172 Thread 0x00000212a31ea340 Exception <a 'java/lang/NoSuchMethodError'{0x0000000083d32398}: 'java.lang.Object java.lang.invoke.DirectMethodHandle$Holder.invokeSpecial(java.lang.Object, java.lang.Object, java.lang.Object, java.lang.Object, int, java.lang.Object)'> (0x0000000083d32398) 
thrown [s\src\hotspot\share\interpreter\linkResolver.cpp, line 759]
Event: 8.198 Thread 0x00000212a31ea340 Exception <a 'java/lang/NoSuchMethodError'{0x0000000083d84e78}: 'java.lang.Object java.lang.invoke.DirectMethodHandle$Holder.invokeSpecial(java.lang.Object, java.lang.Object, java.lang.Object, java.lang.Object, int)'> (0x0000000083d84e78) 
thrown [s\src\hotspot\share\interpreter\linkResolver.cpp, line 759]
Event: 8.199 Thread 0x00000212a31ea340 Exception <a 'java/lang/NoSuchMethodError'{0x0000000083d892c0}: 'java.lang.Object java.lang.invoke.Invokers$Holder.linkToCallSite(java.lang.Object, java.lang.Object, int, java.lang.Object)'> (0x0000000083d892c0) 
thrown [s\src\hotspot\share\interpreter\linkResolver.cpp, line 759]
Event: 8.202 Thread 0x00000212a31ea340 Exception <a 'java/lang/NoSuchMethodError'{0x0000000083d9cfb0}: 'java.lang.Object java.lang.invoke.DirectMethodHandle$Holder.invokeSpecial(java.lang.Object, java.lang.Object, java.lang.Object, java.lang.Object, java.lang.Object, int)'> (0x0000000083d9cfb0) 
thrown [s\src\hotspot\share\interpreter\linkResolver.cpp, line 759]
Event: 8.202 Thread 0x00000212a31ea340 Exception <a 'java/lang/NoSuchMethodError'{0x0000000083da1a10}: 'java.lang.Object java.lang.invoke.DelegatingMethodHandle$Holder.delegate(java.lang.Object, java.lang.Object, java.lang.Object, java.lang.Object, int)'> (0x0000000083da1a10) 
thrown [s\src\hotspot\share\interpreter\linkResolver.cpp, line 759]
Event: 8.213 Thread 0x00000212a31ea340 Exception <a 'java/lang/ClassNotFoundException'{0x0000000083df8fc8}: org/gradle/plugin/use/internal/PluginRequestCollector$PluginDependenciesSpecImplBeanInfo> (0x0000000083df8fc8) 
thrown [s\src\hotspot\share\classfile\systemDictionary.cpp, line 257]
Event: 8.214 Thread 0x00000212a31ea340 Exception <a 'java/lang/ClassNotFoundException'{0x0000000083c0bf78}: org/gradle/plugin/use/internal/PluginRequestCollector$PluginDependenciesSpecImplCustomizer> (0x0000000083c0bf78) 
thrown [s\src\hotspot\share\classfile\systemDictionary.cpp, line 257]

VM Operations (20 events):
Event: 7.409 Executing VM operation: HandshakeAllThreads
Event: 7.409 Executing VM operation: HandshakeAllThreads done
Event: 7.447 Executing VM operation: HandshakeAllThreads
Event: 7.447 Executing VM operation: HandshakeAllThreads done
Event: 7.591 Executing VM operation: HandshakeAllThreads
Event: 7.591 Executing VM operation: HandshakeAllThreads done
Event: 7.591 Executing VM operation: HandshakeAllThreads
Event: 7.592 Executing VM operation: HandshakeAllThreads done
Event: 7.894 Executing VM operation: HandshakeAllThreads
Event: 7.894 Executing VM operation: HandshakeAllThreads done
Event: 7.900 Executing VM operation: ICBufferFull
Event: 7.900 Executing VM operation: ICBufferFull done
Event: 7.903 Executing VM operation: HandshakeAllThreads
Event: 7.903 Executing VM operation: HandshakeAllThreads done
Event: 7.904 Executing VM operation: HandshakeAllThreads
Event: 7.904 Executing VM operation: HandshakeAllThreads done
Event: 7.951 Executing VM operation: HandshakeAllThreads
Event: 7.951 Executing VM operation: HandshakeAllThreads done
Event: 8.228 Executing VM operation: CollectForMetadataAllocation
Event: 8.234 Executing VM operation: CollectForMetadataAllocation done

Memory protections (0 events):
No events

Nmethod flushes (0 events):
No events

Events (20 events):
Event: 3.154 Thread 0x00000212a31ea340 Thread added: 0x00000212a31ea850
Event: 3.165 Thread 0x00000212a31ea340 Thread added: 0x00000212a3298110
Event: 3.791 Thread 0x00000212a31ea340 Thread added: 0x00000212a32976f0
Event: 3.802 Thread 0x00000212a31ea340 Thread added: 0x00000212a32971e0
Event: 3.823 Thread 0x00000212a10247d0 Thread added: 0x00000212a12ea9e0
Event: 3.877 Thread 0x00000212a31ea340 Thread added: 0x00000212a3298b30
Event: 5.366 Thread 0x00000212a31ea340 Thread added: 0x00000212a3296cd0
Event: 5.381 Thread 0x00000212a31ea340 Thread added: 0x00000212a329a990
Event: 5.694 Thread 0x00000212a10247d0 Thread added: 0x00000212a12ebf20
Event: 5.775 Thread 0x00000212a31ea340 Thread added: 0x00000212a329c7f0
Event: 5.785 Thread 0x00000212a31ea340 Thread added: 0x00000212a329cd00
Event: 5.857 Thread 0x00000212a12ebf20 Thread exited: 0x00000212a12ebf20
Event: 6.032 Thread 0x00000212a31ea340 Thread added: 0x00000212a3299f70
Event: 6.071 Thread 0x00000212a12ea9e0 Thread exited: 0x00000212a12ea9e0
Event: 6.110 Thread 0x00000212a31ea340 Thread added: 0x00000212a329b3b0
Event: 6.473 Thread 0x00000212a10247d0 Thread added: 0x00000212a12eb9d0
Event: 6.567 Thread 0x00000212a31ea340 Thread added: 0x00000212a329aea0
Event: 6.647 Thread 0x00000212a31ea340 Thread added: 0x00000212a329c2e0
Event: 7.072 Thread 0x00000212a10247d0 Thread added: 0x00000212a12ec470
Event: 7.560 Thread 0x00000212a31ea340 Thread added: 0x00000212a329d210


Dynamic libraries:
0x00007ff6efd60000 - 0x00007ff6efd6e000 	C:\Program Files\Eclipse Adoptium\jdk-17.0.20.101-hotspot\bin\java.exe
0x00007ffa3e600000 - 0x00007ffa3e867000 	C:\WINDOWS\SYSTEM32\ntdll.dll
0x00007ffa3d710000 - 0x00007ffa3d7db000 	C:\WINDOWS\System32\KERNEL32.DLL
0x00007ffa3be80000 - 0x00007ffa3c282000 	C:\WINDOWS\System32\KERNELBASE.dll
0x00007ffa3bb90000 - 0x00007ffa3bcdc000 	C:\WINDOWS\System32\ucrtbase.dll
0x00007ffa319e0000 - 0x00007ffa319fe000 	C:\Program Files\Eclipse Adoptium\jdk-17.0.20.101-hotspot\bin\VCRUNTIME140.dll
0x00007ffa2dd40000 - 0x00007ffa2dd58000 	C:\Program Files\Eclipse Adoptium\jdk-17.0.20.101-hotspot\bin\jli.dll
0x00007ffa3e020000 - 0x00007ffa3e1ef000 	C:\WINDOWS\System32\USER32.dll
0x00007ffa26f40000 - 0x00007ffa271d0000 	C:\WINDOWS\WinSxS\amd64_microsoft.windows.common-controls_6595b64144ccf1df_6.0.26100.9278_none_3e0d1ba8e3303201\COMCTL32.dll
0x00007ffa3bab0000 - 0x00007ffa3bad7000 	C:\WINDOWS\System32\win32u.dll
0x00007ffa3deb0000 - 0x00007ffa3df59000 	C:\WINDOWS\System32\msvcrt.dll
0x00007ffa3c6b0000 - 0x00007ffa3c6db000 	C:\WINDOWS\System32\GDI32.dll
0x00007ffa3b800000 - 0x00007ffa3b929000 	C:\WINDOWS\System32\gdi32full.dll
0x00007ffa3bae0000 - 0x00007ffa3bb83000 	C:\WINDOWS\System32\msvcp_win.dll
0x00007ffa3de20000 - 0x00007ffa3de51000 	C:\WINDOWS\System32\IMM32.DLL
0x00007ffa2dd30000 - 0x00007ffa2dd3c000 	C:\Program Files\Eclipse Adoptium\jdk-17.0.20.101-hotspot\bin\vcruntime140_1.dll
0x00007ffa076d0000 - 0x00007ffa0775d000 	C:\Program Files\Eclipse Adoptium\jdk-17.0.20.101-hotspot\bin\msvcp140.dll
0x00007ff9e4280000 - 0x00007ff9e4eec000 	C:\Program Files\Eclipse Adoptium\jdk-17.0.20.101-hotspot\bin\server\jvm.dll
0x00007ffa3cb70000 - 0x00007ffa3cc2c000 	C:\WINDOWS\System32\ADVAPI32.dll
0x00007ffa3cd60000 - 0x00007ffa3ce09000 	C:\WINDOWS\System32\sechost.dll
0x00007ffa3e200000 - 0x00007ffa3e318000 	C:\WINDOWS\System32\RPCRT4.dll
0x00007ffa3cc40000 - 0x00007ffa3ccc0000 	C:\WINDOWS\System32\WS2_32.dll
0x00007ffa3b660000 - 0x00007ffa3b6be000 	C:\WINDOWS\SYSTEM32\POWRPROF.dll
0x00007ffa33de0000 - 0x00007ffa33e16000 	C:\WINDOWS\SYSTEM32\WINMM.dll
0x00007ffa35510000 - 0x00007ffa3551b000 	C:\WINDOWS\SYSTEM32\VERSION.dll
0x00007ffa3b640000 - 0x00007ffa3b655000 	C:\WINDOWS\SYSTEM32\UMPDC.dll
0x00007ffa3a490000 - 0x00007ffa3a4ab000 	C:\WINDOWS\SYSTEM32\kernel.appcore.dll
0x00007ffa2dd20000 - 0x00007ffa2dd2a000 	C:\Program Files\Eclipse Adoptium\jdk-17.0.20.101-hotspot\bin\jimage.dll
0x00007ffa38e30000 - 0x00007ffa3907c000 	C:\WINDOWS\SYSTEM32\DBGHELP.DLL
0x00007ffa3c6e0000 - 0x00007ffa3ca65000 	C:\WINDOWS\System32\combase.dll
0x00007ffa3d7e0000 - 0x00007ffa3d8b9000 	C:\WINDOWS\System32\OLEAUT32.dll
0x00007ffa207e0000 - 0x00007ffa2081b000 	C:\WINDOWS\SYSTEM32\dbgcore.DLL
0x00007ffa3b930000 - 0x00007ffa3b9dc000 	C:\WINDOWS\System32\bcryptPrimitives.dll
0x00007ffa2aed0000 - 0x00007ffa2aede000 	C:\Program Files\Eclipse Adoptium\jdk-17.0.20.101-hotspot\bin\instrument.dll
0x00007ffa2b480000 - 0x00007ffa2b4a5000 	C:\Program Files\Eclipse Adoptium\jdk-17.0.20.101-hotspot\bin\java.dll
0x00007ffa06250000 - 0x00007ffa06327000 	C:\Program Files\Eclipse Adoptium\jdk-17.0.20.101-hotspot\bin\jsvml.dll
0x00007ffa3cf70000 - 0x00007ffa3d708000 	C:\WINDOWS\System32\SHELL32.dll
0x00007ffa39240000 - 0x00007ffa39aee000 	C:\WINDOWS\SYSTEM32\windows.storage.dll
0x00007ffa3ca70000 - 0x00007ffa3cb6b000 	C:\WINDOWS\System32\SHCORE.dll
0x00007ffa3ddb0000 - 0x00007ffa3de16000 	C:\WINDOWS\System32\shlwapi.dll
0x00007ffa3b720000 - 0x00007ffa3b749000 	C:\WINDOWS\SYSTEM32\profapi.dll
0x00007ffa2b460000 - 0x00007ffa2b478000 	C:\Program Files\Eclipse Adoptium\jdk-17.0.20.101-hotspot\bin\zip.dll
0x00007ffa2dd00000 - 0x00007ffa2dd1a000 	C:\Program Files\Eclipse Adoptium\jdk-17.0.20.101-hotspot\bin\net.dll
0x00007ffa34530000 - 0x00007ffa3465a000 	C:\WINDOWS\SYSTEM32\WINHTTP.dll
0x00007ffa3aa30000 - 0x00007ffa3aa9c000 	C:\WINDOWS\system32\mswsock.dll
0x00007ffa2bed0000 - 0x00007ffa2bee6000 	C:\Program Files\Eclipse Adoptium\jdk-17.0.20.101-hotspot\bin\nio.dll
0x00007ffa2aee0000 - 0x00007ffa2aef0000 	C:\Program Files\Eclipse Adoptium\jdk-17.0.20.101-hotspot\bin\verify.dll
0x00007ffa2aef0000 - 0x00007ffa2af17000 	C:\Users\Ryzen\.gradle\native\660c5614fbf4a5f2a75b1949f50a0caf5cd603558e7d8a26e50b933a0cfb79d1\windows-amd64\native-platform.dll
0x00007ffa058a0000 - 0x00007ffa05917000 	C:\Users\Ryzen\.gradle\native\0.2.8\x86_64-windows-gnu\gradle-fileevents.dll
0x00007ffa2cbc0000 - 0x00007ffa2cbca000 	C:\Program Files\Eclipse Adoptium\jdk-17.0.20.101-hotspot\bin\management.dll
0x00007ffa2c8c0000 - 0x00007ffa2c8cc000 	C:\Program Files\Eclipse Adoptium\jdk-17.0.20.101-hotspot\bin\management_ext.dll
0x00007ffa3e320000 - 0x00007ffa3e328000 	C:\WINDOWS\System32\PSAPI.DLL
0x00007ffa39e40000 - 0x00007ffa39e73000 	C:\WINDOWS\SYSTEM32\IPHLPAPI.DLL
0x00007ffa3c330000 - 0x00007ffa3c33a000 	C:\WINDOWS\System32\NSI.dll
0x00007ffa34500000 - 0x00007ffa3451d000 	C:\WINDOWS\SYSTEM32\dhcpcsvc6.DLL
0x00007ffa344d0000 - 0x00007ffa344f5000 	C:\WINDOWS\SYSTEM32\dhcpcsvc.DLL
0x00007ffa39ed0000 - 0x00007ffa3a028000 	C:\WINDOWS\SYSTEM32\DNSAPI.dll
0x00007ffa3a7e0000 - 0x00007ffa3a7ed000 	C:\WINDOWS\SYSTEM32\DSPARSE.dll
0x00007ffa2b450000 - 0x00007ffa2b459000 	C:\Program Files\Eclipse Adoptium\jdk-17.0.20.101-hotspot\bin\extnet.dll
0x00007ffa3ae50000 - 0x00007ffa3ae6b000 	C:\WINDOWS\SYSTEM32\CRYPTSP.dll
0x00007ffa3a3f0000 - 0x00007ffa3a429000 	C:\WINDOWS\system32\rsaenh.dll
0x00007ffa3aae0000 - 0x00007ffa3ab14000 	C:\WINDOWS\SYSTEM32\USERENV.dll
0x00007ffa3b6f0000 - 0x00007ffa3b71a000 	C:\WINDOWS\SYSTEM32\bcrypt.dll
0x00007ffa3ac90000 - 0x00007ffa3ac9c000 	C:\WINDOWS\SYSTEM32\CRYPTBASE.dll
0x00007ffa2adb0000 - 0x00007ffa2adbe000 	C:\Program Files\Eclipse Adoptium\jdk-17.0.20.101-hotspot\bin\sunmscapi.dll
0x00007ffa3bcf0000 - 0x00007ffa3be6e000 	C:\WINDOWS\System32\CRYPT32.dll
0x00007ffa3afc0000 - 0x00007ffa3aff0000 	C:\WINDOWS\SYSTEM32\ncrypt.dll
0x00007ffa3af70000 - 0x00007ffa3afaf000 	C:\WINDOWS\SYSTEM32\NTASN1.dll
0x00007ffa20910000 - 0x00007ffa20918000 	C:\WINDOWS\system32\wshunix.dll

dbghelp: loaded successfully - version: 4.0.5 - missing functions: none
symbol engine: initialized successfully - sym options: 0x614 - pdb path: .;C:\Program Files\Eclipse Adoptium\jdk-17.0.20.101-hotspot\bin;C:\WINDOWS\SYSTEM32;C:\WINDOWS\WinSxS\amd64_microsoft.windows.common-controls_6595b64144ccf1df_6.0.26100.9278_none_3e0d1ba8e3303201;C:\Program Files\Eclipse Adoptium\jdk-17.0.20.101-hotspot\bin\server;C:\Users\Ryzen\.gradle\native\660c5614fbf4a5f2a75b1949f50a0caf5cd603558e7d8a26e50b933a0cfb79d1\windows-amd64;C:\Users\Ryzen\.gradle\native\0.2.8\x86_64-windows-gnu

VM Arguments:
jvm_args: --add-opens=java.base/java.lang=ALL-UNNAMED --add-opens=java.base/java.lang.invoke=ALL-UNNAMED --add-opens=java.base/java.util=ALL-UNNAMED --add-opens=java.prefs/java.util.prefs=ALL-UNNAMED --add-exports=jdk.compiler/com.sun.tools.javac.api=ALL-UNNAMED --add-exports=jdk.compiler/com.sun.tools.javac.util=ALL-UNNAMED --add-opens=java.base/java.util=ALL-UNNAMED --add-opens=java.prefs/java.util.prefs=ALL-UNNAMED --add-opens=java.base/java.nio.charset=ALL-UNNAMED --add-opens=java.base/java.net=ALL-UNNAMED --add-opens=java.base/java.util.concurrent=ALL-UNNAMED --add-opens=java.base/java.util.concurrent.atomic=ALL-UNNAMED --add-opens=java.xml/javax.xml.namespace=ALL-UNNAMED --add-opens=java.base/java.time=ALL-UNNAMED -XX:MaxMetaspaceSize=512m -Xmx2048m -Dfile.encoding=windows-1252 -Duser.country=US -Duser.language=en -Duser.variant -javaagent:C:\Users\Ryzen\.gradle\wrapper\dists\gradle-9.4.1-bin\arn2x92ynaizyzdaamcbpbhtj\gradle-9.4.1\lib\agents\gradle-instrumentation-agent-9.4.1.jar 
java_command: org.gradle.launcher.daemon.bootstrap.GradleDaemon 9.4.1
java_class_path (initial): C:\Users\Ryzen\.gradle\wrapper\dists\gradle-9.4.1-bin\arn2x92ynaizyzdaamcbpbhtj\gradle-9.4.1\lib\gradle-daemon-main-9.4.1.jar
Launcher Type: SUN_STANDARD

[Global flags]
     intx CICompilerCount                          = 4                                         {product} {ergonomic}
   size_t CompressedClassSpaceSize                 = 436207616                                 {product} {ergonomic}
     uint ConcGCThreads                            = 2                                         {product} {ergonomic}
     uint G1ConcRefinementThreads                  = 8                                         {product} {ergonomic}
   size_t G1HeapRegionSize                         = 1048576                                   {product} {ergonomic}
    uintx GCDrainStackTargetSize                   = 64                                        {product} {ergonomic}
   size_t InitialHeapSize                          = 234881024                                 {product} {ergonomic}
   size_t MarkStackSize                            = 4194304                                   {product} {ergonomic}
   size_t MaxHeapSize                              = 2147483648                                {product} {command line}
   size_t MaxMetaspaceSize                         = 536870912                                 {product} {command line}
   size_t MaxNewSize                               = 1287651328                                {product} {ergonomic}
   size_t MinHeapDeltaBytes                        = 1048576                                   {product} {ergonomic}
   size_t MinHeapSize                              = 8388608                                   {product} {ergonomic}
    uintx NonNMethodCodeHeapSize                   = 5839372                                {pd product} {ergonomic}
    uintx NonProfiledCodeHeapSize                  = 122909434                              {pd product} {ergonomic}
    uintx ProfiledCodeHeapSize                     = 122909434                              {pd product} {ergonomic}
    uintx ReservedCodeCacheSize                    = 251658240                              {pd product} {ergonomic}
     bool SegmentedCodeCache                       = true                                      {product} {ergonomic}
   size_t SoftMaxHeapSize                          = 2147483648                             {manageable} {ergonomic}
     bool UseCompressedClassPointers               = true                           {product lp64_product} {ergonomic}
     bool UseCompressedOops                        = true                           {product lp64_product} {ergonomic}
     bool UseG1GC                                  = true                                      {product} {ergonomic}
     bool UseLargePagesIndividualAllocation        = false                                  {pd product} {ergonomic}

Logging:
Log output configuration:
 #0: stdout all=warning uptime,level,tags
 #1: stderr all=off uptime,level,tags

Environment Variables:
PATH=C:\Users\Ryzen\ImpoundingApp\node_modules\.bin;C:\Users\Ryzen\ImpoundingApp\node_modules\.bin;C:\Users\Ryzen\node_modules\.bin;C:\Users\node_modules\.bin;C:\node_modules\.bin;C:\Program Files\nodejs\node_modules\npm\node_modules\@npmcli\run-script\lib\node-gyp-bin;C:\Program Files\Eclipse Adoptium\jdk-17.0.20.101-hotspot\bin;C:\Python314\Scripts\;C:\Python314\;C:\WINDOWS\system32;C:\WINDOWS;C:\WINDOWS\System32\Wbem;C:\WINDOWS\System32\WindowsPowerShell\v1.0\;C:\WINDOWS\System32\OpenSSH\;C:\Program Files\MySQL\MySQL Server 8.0\bin;C:\flutter\bin;C:\Program Files\Git\cmd;C:\Program Files\dotnet\;C:\xampp\php;C:\ProgramData\ComposerSetup\bin;;C:\Program Files\Docker\Docker\resources\bin;C:\Program Files\nodejs\;C:\ProgramData\chocolatey\bin;C:\Program Files\MySQL\MySQL Shell 8.0\bin\;C:\flutter\bin;C:\Users\Ryzen\.dotnet\tools;C:\Users\Ryzen\AppData\Local\Programs\Microsoft VS Code\bin;C:\Users\Ryzen\AppData\Roaming\Composer\vendor\bin;C:\Users\Ryzen\AppData\Local\Pub\Cache\bin;C:\Users\Ryzen\AppData\Local\Python\bin;C:\Users\Ryzen\AppData\Local\Microsoft\WindowsApps;C:\Users\Ryzen\AppData\Roaming\npm;C:\Users\Ryzen\AppData\Local\Android\Sdk\platform-tools;C:\Users\Ryzen\AppData\Local\Android\Sdk\emulator;
USERNAME=Ryzen
TERM=xterm
OS=Windows_NT
PROCESSOR_IDENTIFIER=AMD64 Family 23 Model 24 Stepping 1, AuthenticAMD
TMP=C:\Users\Ryzen\AppData\Local\Temp
TEMP=C:\Users\Ryzen\AppData\Local\Temp



Periodic native trim disabled


---------------  S Y S T E M  ---------------

OS:
 Windows 11 , 64 bit Build 26100 (10.0.26100.9444)
OS uptime: 4 days 17:06 hours
Hyper-V role detected

CPU: total 8 (initial active 8) (8 cores per cpu, 2 threads per core) family 23 model 24 stepping 1 microcode 0x8108109, cx8, cmov, fxsr, ht, mmx, 3dnowpref, sse, sse2, sse3, ssse3, sse4a, sse4.1, sse4.2, popcnt, lzcnt, tsc, tscinvbit, avx, avx2, aes, clmul, bmi1, bmi2, adx, sha, fma, vzeroupper, clflush, clflushopt, hv
Processor Information for all 8 processors :
  Max Mhz: 3700, Current Mhz: 3700, Mhz Limit: 3700

Memory: 4k page, system-wide physical 14258M (1581M free)
TotalPageFile size 20146M (AvailPageFile size 4326M)
current process WorkingSet (physical memory assigned to process): 275M, peak: 275M
current process commit charge ("private bytes"): 325M, peak: 412M

vm_info: OpenJDK 64-Bit Server VM (17.0.20.1+1) for windows-amd64 JRE (17.0.20.1+1), built on Aug 18 2026 20:44:09 by "admin" with MS VC++ 17.12 (VS2022)

END.
